// Jest Snapshot v1, https://jestjs.io/docs/snapshot-testing

exports[`BookingModalView matches snapshot 1`] = `
<div>
  <div
    class="fixed inset-0 flex items-center justify-center bg-black bg-opacity-40 z-50"
  >
    <div
      class="bg-white rounded-xl shadow-lg p-6 w-96"
    >
      <h2
        class="text-lg font-semibold mb-4 text-gray-800"
      >
        Booking Details
      </h2>
      <p
        class="mb-1"
      >
        👤 Student: 
        Alice Tan
      </p>
      <p
        class="mb-1"
      >
        👨‍🏫 Tutor: 
        John Tutor
      </p>
      <p
        class="mb-1"
      >
        📅 
        Mon Nov 10 2025
         | ⏰ 
        10:00
         -
         
        11:00
      </p>
      <p
        class="mb-1"
      >
        🎓 Lesson Type: 
        Mathematics
      </p>
      <div
        class="flex justify-end mt-4"
      >
        <button
          class="px-4 py-2 rounded-md bg-gray-200 hover:bg-gray-300"
        >
          Close
        </button>
      </div>
    </div>
  </div>
</div>
`;
