// Jest Snapshot v1, https://jestjs.io/docs/snapshot-testing

exports[`BookingModalAccept matches snapshot 1`] = `
<div>
  <div
    class="fixed inset-0 flex items-center justify-center bg-black bg-opacity-40 z-50"
  >
    <div
      class="bg-white rounded-xl shadow-lg p-6 w-96"
    >
      <h2
        class="text-lg font-semibold mb-4 text-gray-800"
      >
        Accept Booking Request
      </h2>
      <p
        class="mb-1"
      >
        👤 
        Alice Tan
      </p>
      <p
        class="mb-1"
      >
        📅 
        Wed Nov 05 2025
         | ⏰ 
        10:00
         -
         
        11:00
      </p>
      <p
        class="mb-6"
      >
        🎓 Lesson Type: 
        Mathematics
      </p>
      <div
        class="flex justify-end gap-3 mb-3"
      >
        <button
          class="px-4 py-2 rounded-md bg-red-600 text-white hover:bg-red-700 w-1/2"
        >
          Reject
        </button>
        <button
          class="px-4 py-2 rounded-md bg-green-600 text-white hover:bg-green-700 w-1/2"
        >
          Accept
        </button>
      </div>
      <div
        class="flex justify-end"
      >
        <button
          class="px-4 py-2 rounded-md bg-gray-200 hover:bg-gray-300"
        >
          Close
        </button>
      </div>
    </div>
  </div>
</div>
`;
